// Jest Snapshot v1, https://goo.gl/fbAQLP

exports[`should render App 1`] = `
<div
  className="App"
>
  <Header />
  <Connect(Component) />
  <Connect(Settings) />
  <Connect(Component) />
  <Connect(Board) />
</div>
`;
