// Jest Snapshot v1, https://goo.gl/fbAQLP

exports[`should render Message component 1`] = `
<div
  className="Message"
>
  <p>
    It's 
    's turn
  </p>
</div>
`;
