// Jest Snapshot v1, https://goo.gl/fbAQLP

exports[`should render Square component 1`] = `
<div>
  <div
    className="Square"
    onClick={[Function]}
  />
</div>
`;
